{
  "version": "1.5.0",
  "plugins_used": [
    {
      "name": "ArtifactoryDetector"
    },
    {
      "name": "AWSKeyDetector"
    },
    {
      "name": "AzureStorageKeyDetector"
    },
    {
      "name": "Base64HighEntropyString",
      "limit": 4.5
    },
    {
      "name": "BasicAuthDetector"
    },
    {
      "name": "CloudantDetector"
    },
    {
      "name": "DiscordBotTokenDetector"
    },
    {
      "name": "GitHubTokenDetector"
    },
    {
      "name": "GitLabTokenDetector"
    },
    {
      "name": "HexHighEntropyString",
      "limit": 3.0
    },
    {
      "name": "IbmCloudIamDetector"
    },
    {
      "name": "IbmCosHmacDetector"
    },
    {
      "name": "IPPublicDetector"
    },
    {
      "name": "JwtTokenDetector"
    },
    {
      "name": "KeywordDetector",
      "keyword_exclude": ""
    },
    {
      "name": "MailchimpDetector"
    },
    {
      "name": "NpmDetector"
    },
    {
      "name": "OpenAIDetector"
    },
    {
      "name": "PrivateKeyDetector"
    },
    {
      "name": "PypiTokenDetector"
    },
    {
      "name": "SendGridDetector"
    },
    {
      "name": "SlackDetector"
    },
    {
      "name": "SoftlayerDetector"
    },
    {
      "name": "SquareOAuthDetector"
    },
    {
      "name": "StripeDetector"
    },
    {
      "name": "TelegramBotTokenDetector"
    },
    {
      "name": "TwilioKeyDetector"
    }
  ],
  "filters_used": [
    {
      "path": "detect_secrets.filters.allowlist.is_line_allowlisted"
    },
    {
      "path": "detect_secrets.filters.common.is_ignored_due_to_verification_policies",
      "min_level": 2
    },
    {
      "path": "detect_secrets.filters.heuristic.is_indirect_reference"
    },
    {
      "path": "detect_secrets.filters.heuristic.is_likely_id_string"
    },
    {
      "path": "detect_secrets.filters.heuristic.is_lock_file"
    },
    {
      "path": "detect_secrets.filters.heuristic.is_not_alphanumeric_string"
    },
    {
      "path": "detect_secrets.filters.heuristic.is_potential_uuid"
    },
    {
      "path": "detect_secrets.filters.heuristic.is_prefixed_with_dollar_sign"
    },
    {
      "path": "detect_secrets.filters.heuristic.is_sequential_string"
    },
    {
      "path": "detect_secrets.filters.heuristic.is_swagger_file"
    },
    {
      "path": "detect_secrets.filters.heuristic.is_templated_secret"
    },
    {
      "path": "detect_secrets.filters.regex.should_exclude_file",
      "pattern": [
        "(\\.venv|\\.snapshots|mutants|\\.mypy_cache|\\.pytest_cache|\\.ruff_cache)/|\\.secrets\\.baseline$"
      ]
    }
  ],
  "results": {
    "docs/spec/openai-openapi-2.3.0.json": [
      {
        "type": "Base64 High Entropy String",
        "filename": "docs/spec/openai-openapi-2.3.0.json",
        "hashed_secret": "24b30f505d272916bf062ab117bee4841b5e7338",
        "is_verified": false,
        "line_number": 1151
      },
      {
        "type": "Base64 High Entropy String",
        "filename": "docs/spec/openai-openapi-2.3.0.json",
        "hashed_secret": "a09f8555cf53019d5bea1989e1735caf89e95f30",
        "is_verified": false,
        "line_number": 1207
      },
      {
        "type": "Base64 High Entropy String",
        "filename": "docs/spec/openai-openapi-2.3.0.json",
        "hashed_secret": "6d1968c6a071a6298b7d0fd0866d288691bee93f",
        "is_verified": false,
        "line_number": 1217
      },
      {
        "type": "Base64 High Entropy String",
        "filename": "docs/spec/openai-openapi-2.3.0.json",
        "hashed_secret": "b731604c9212b98de74bd1cc49eb0f7ee8ad3244",
        "is_verified": false,
        "line_number": 1467
      },
      {
        "type": "Base64 High Entropy String",
        "filename": "docs/spec/openai-openapi-2.3.0.json",
        "hashed_secret": "fc803fed893eb4cbb7cded0c2e40435f1f6065a6",
        "is_verified": false,
        "line_number": 1519
      },
      {
        "type": "Base64 High Entropy String",
        "filename": "docs/spec/openai-openapi-2.3.0.json",
        "hashed_secret": "74b9ab5a9e4eeeb860374f1b694ede50b20b7369",
        "is_verified": false,
        "line_number": 1528
      },
      {
        "type": "Base64 High Entropy String",
        "filename": "docs/spec/openai-openapi-2.3.0.json",
        "hashed_secret": "d17c043ad6c0b49b0333dfe5da4be25558518fbf",
        "is_verified": false,
        "line_number": 3551
      },
      {
        "type": "Base64 High Entropy String",
        "filename": "docs/spec/openai-openapi-2.3.0.json",
        "hashed_secret": "3472e481f8bbf99d58d2f076e886676bc6acfbf4",
        "is_verified": false,
        "line_number": 3762
      },
      {
        "type": "Base64 High Entropy String",
        "filename": "docs/spec/openai-openapi-2.3.0.json",
        "hashed_secret": "e1015b868ae23cf2e144a9bb5b37bad5a201a0d7",
        "is_verified": false,
        "line_number": 4027
      },
      {
        "type": "Base64 High Entropy String",
        "filename": "docs/spec/openai-openapi-2.3.0.json",
        "hashed_secret": "0d1b435191c8b0344a66bb2ac6e6f9278373f792",
        "is_verified": false,
        "line_number": 4091
      },
      {
        "type": "Base64 High Entropy String",
        "filename": "docs/spec/openai-openapi-2.3.0.json",
        "hashed_secret": "4ed8f0e8048afc74924d11a185b4678893cbde92",
        "is_verified": false,
        "line_number": 4583
      },
      {
        "type": "Secret Keyword",
        "filename": "docs/spec/openai-openapi-2.3.0.json",
        "hashed_secret": "599148c44979efbb77ff8f466ecddf70b7f6fbfa",
        "is_verified": false,
        "line_number": 68330
      }
    ]
  },
  "generated_at": "2026-09-10T12:35:41Z"
}
